$ git status
On branch main
Your branch is ahead of 'origin/main' by 4 commits.
  (use "git push" to publish your local commits)

Untracked files:
  (use "git add <file>..." to include in what will be committed)
        Assignment57A.java
        Assignment58A.java
        Assignment59f.java

nothing added to commit but untracked files present (use "git add" to track)

Pranjaly Ganvir@DESKTOP-9CG3S45 MINGW64 ~/Desktop/GitBashLocal/basicjava (main)
$ git fetch
From https://github.com/pranjali-ganvir/basicjava
   68a0f1f..a0d97bd  main       -> origin/main
 * [new branch]      master     -> origin/master

Pranjaly Ganvir@DESKTOP-9CG3S45 MINGW64 ~/Desktop/GitBashLocal/basicjava (main)
$ git checkout master
branch 'master' set up to track 'origin/master'.
Switched to a new branch 'master'

Pranjaly Ganvir@DESKTOP-9CG3S45 MINGW64 ~/Desktop/GitBashLocal/basicjava (master)
$ git add .

Pranjaly Ganvir@DESKTOP-9CG3S45 MINGW64 ~/Desktop/GitBashLocal/basicjava (master)
$ git commit -m "Branch program"
[master e1109da] Branch program
 3 files changed, 43 insertions(+)
 create mode 100644 Assignment57A.java
 create mode 100644 Assignment58A.java
 create mode 100644 Assignment59f.java

Pranjaly Ganvir@DESKTOP-9CG3S45 MINGW64 ~/Desktop/GitBashLocal/basicjava (master)
$ git push --all https://github.com/pranjali-ganvir/basicjava.git
Enumerating objects: 6, done.
Counting objects: 100% (6/6), done.
Delta compression using up to 4 threads
Compressing objects: 100% (5/5), done.
Writing objects: 100% (5/5), 909 bytes | 909.00 KiB/s, done.
Total 5 (delta 1), reused 0 (delta 0), pack-reused 0 (from 0)
remote: Resolving deltas: 100% (1/1), completed with 1 local object.
To https://github.com/pranjali-ganvir/basicjava.git
   a0d97bd..e1109da  master -> master

Pranjaly Ganvir@DESKTOP-9CG3S45 MINGW64 ~/Desktop/GitBashLocal/basicjava (master)
$

